2025-09-21 17:43:56,165 - INFO - Starting Toulouse educational institutions extraction
2025-09-21 17:43:56,177 - INFO - Initialized ToulouseEducationalExtractor
2025-09-21 17:43:56,178 - INFO - Processing OSM PBF file...
2025-09-21 17:44:02,359 - INFO - Processed 1,000,000 nodes, found 26 venues
2025-09-21 17:44:08,299 - INFO - Processed 2,000,000 nodes, found 33 venues
2025-09-21 17:44:18,992 - INFO - Processed 3,000,000 nodes, found 37 venues
2025-09-21 17:44:25,454 - INFO - Processed 4,000,000 nodes, found 37 venues
2025-09-21 17:44:34,543 - INFO - Processed 5,000,000 nodes, found 42 venues
2025-09-21 17:44:43,942 - INFO - Processed 6,000,000 nodes, found 43 venues
2025-09-21 17:44:47,010 - INFO - Processed 7,000,000 nodes, found 43 venues
2025-09-21 17:44:50,106 - INFO - Processed 8,000,000 nodes, found 47 venues
2025-09-21 17:44:53,153 - INFO - Processed 9,000,000 nodes, found 50 venues
2025-09-21 17:44:56,304 - INFO - Processed 10,000,000 nodes, found 51 venues
2025-09-21 17:44:59,679 - INFO - Processed 11,000,000 nodes, found 59 venues
2025-09-21 17:45:02,723 - INFO - Processed 12,000,000 nodes, found 67 venues
2025-09-21 17:45:06,033 - INFO - Processed 13,000,000 nodes, found 96 venues
2025-09-21 17:45:09,286 - INFO - Processed 14,000,000 nodes, found 114 venues
2025-09-21 17:45:12,671 - INFO - Processed 15,000,000 nodes, found 118 venues
2025-09-21 17:45:15,735 - INFO - Processed 16,000,000 nodes, found 126 venues
2025-09-21 17:45:18,850 - INFO - Processed 17,000,000 nodes, found 134 venues
2025-09-21 17:45:21,875 - INFO - Processed 18,000,000 nodes, found 231 venues
2025-09-21 17:45:24,875 - INFO - Processed 19,000,000 nodes, found 231 venues
2025-09-21 17:45:27,871 - INFO - Processed 20,000,000 nodes, found 233 venues
2025-09-21 17:45:30,960 - INFO - Processed 21,000,000 nodes, found 236 venues
2025-09-21 17:45:34,205 - INFO - Processed 22,000,000 nodes, found 236 venues
2025-09-21 17:45:37,421 - INFO - Processed 23,000,000 nodes, found 251 venues
2025-09-21 17:45:40,604 - INFO - Processed 24,000,000 nodes, found 265 venues
2025-09-21 17:45:43,709 - INFO - Processed 25,000,000 nodes, found 274 venues
2025-09-21 17:45:46,825 - INFO - Processed 26,000,000 nodes, found 368 venues
2025-09-21 17:45:50,063 - INFO - Processed 27,000,000 nodes, found 385 venues
2025-09-21 17:45:53,538 - INFO - Processed 28,000,000 nodes, found 420 venues
2025-09-21 17:45:56,849 - INFO - Processed 29,000,000 nodes, found 453 venues
2025-09-21 17:46:00,228 - INFO - Processed 30,000,000 nodes, found 505 venues
2025-09-21 17:46:03,422 - INFO - Processed 31,000,000 nodes, found 521 venues
2025-09-21 17:46:06,591 - INFO - Processed 32,000,000 nodes, found 538 venues
2025-09-21 17:46:09,845 - INFO - Processed 33,000,000 nodes, found 548 venues
2025-09-21 17:46:13,183 - INFO - Processed 34,000,000 nodes, found 559 venues
2025-09-21 17:46:16,599 - INFO - Processed 35,000,000 nodes, found 565 venues
2025-09-21 17:46:21,574 - INFO - Processed 36,000,000 nodes, found 578 venues
2025-09-21 17:46:24,958 - INFO - Processed 37,000,000 nodes, found 622 venues
2025-09-21 17:46:32,889 - INFO - Processing completed in 156.71 seconds
2025-09-21 17:46:33,006 - INFO - Successfully extracted 623 educational institutions
